#Packing pin usage report
Type: io
	Input Pin Usage:
		Max: 4.00 (0.07)
		Avg: 1.04 (0.02)
		Min: 0.00 (0.00)
		Histogram:
		[        0:      5.5) 506 (100.0%) |***********************************************
		[      5.5:       11)   0 (  0.0%) |
		[       11:       16)   0 (  0.0%) |
		[       16:       22)   0 (  0.0%) |
		[       22:       28)   0 (  0.0%) |
		[       28:       33)   0 (  0.0%) |
		[       33:       38)   0 (  0.0%) |
		[       38:       44)   0 (  0.0%) |
		[       44:       50)   0 (  0.0%) |
		[       50:       55)   0 (  0.0%) |
	Output Pin Usage:
		Max: 1.00 (0.03)
		Avg: 0.34 (0.01)
		Min: 0.00 (0.00)
		Histogram:
		[        0:        4) 506 (100.0%) |***********************************************
		[        4:        8)   0 (  0.0%) |
		[        8:       12)   0 (  0.0%) |
		[       12:       16)   0 (  0.0%) |
		[       16:       20)   0 (  0.0%) |
		[       20:       24)   0 (  0.0%) |
		[       24:       28)   0 (  0.0%) |
		[       28:       32)   0 (  0.0%) |
		[       32:       36)   0 (  0.0%) |
		[       36:       40)   0 (  0.0%) |

Type: LAB
	Input Pin Usage:
		Max: 71.00 (0.78)
		Avg: 24.64 (0.27)
		Min: 0.00 (0.00)
		Histogram:
		[        0:      9.1) 517 ( 16.0%) |****************************
		[      9.1:       18) 662 ( 20.4%) |***********************************
		[       18:       27) 882 ( 27.2%) |***********************************************
		[       27:       36) 473 ( 14.6%) |*************************
		[       36:       46) 385 ( 11.9%) |*********************
		[       46:       55) 167 (  5.2%) |*********
		[       55:       64) 124 (  3.8%) |*******
		[       64:       73)  28 (  0.9%) |*
		[       73:       82)   0 (  0.0%) |
		[       82:       91)   0 (  0.0%) |
	Output Pin Usage:
		Max: 42.00 (1.00)
		Avg: 17.16 (0.41)
		Min: 1.00 (0.02)
		Histogram:
		[        0:      4.2) 195 (  6.0%) |***********
		[      4.2:      8.4) 356 ( 11.0%) |********************
		[      8.4:       13) 455 ( 14.1%) |**************************
		[       13:       17) 419 ( 12.9%) |************************
		[       17:       21) 825 ( 25.5%) |***********************************************
		[       21:       25) 574 ( 17.7%) |*********************************
		[       25:       29) 238 (  7.4%) |**************
		[       29:       34) 110 (  3.4%) |******
		[       34:       38)  34 (  1.1%) |**
		[       38:       42)  32 (  1.0%) |**

Type: DSP
	Input Pin Usage:
		Max: 45.00 (0.12)
		Avg: 45.00 (0.12)
		Min: 45.00 (0.12)
		Histogram:
		[        0:       38)  0 (  0.0%) |
		[       38:       75) 76 (100.0%) |************************************************
		[       75:  1.1e+02)  0 (  0.0%) |
		[  1.1e+02:  1.5e+02)  0 (  0.0%) |
		[  1.5e+02:  1.9e+02)  0 (  0.0%) |
		[  1.9e+02:  2.2e+02)  0 (  0.0%) |
		[  2.2e+02:  2.6e+02)  0 (  0.0%) |
		[  2.6e+02:    3e+02)  0 (  0.0%) |
		[    3e+02:  3.4e+02)  0 (  0.0%) |
		[  3.4e+02:  3.8e+02)  0 (  0.0%) |
	Output Pin Usage:
		Max: 32.00 (0.15)
		Avg: 32.00 (0.15)
		Min: 32.00 (0.15)
		Histogram:
		[        0:       21)  0 (  0.0%) |
		[       21:       42) 76 (100.0%) |************************************************
		[       42:       64)  0 (  0.0%) |
		[       64:       85)  0 (  0.0%) |
		[       85:  1.1e+02)  0 (  0.0%) |
		[  1.1e+02:  1.3e+02)  0 (  0.0%) |
		[  1.3e+02:  1.5e+02)  0 (  0.0%) |
		[  1.5e+02:  1.7e+02)  0 (  0.0%) |
		[  1.7e+02:  1.9e+02)  0 (  0.0%) |
		[  1.9e+02:  2.1e+02)  0 (  0.0%) |

Type: M9K
	Input Pin Usage:
		Max: 56.00 (0.53)
		Avg: 42.75 (0.40)
		Min: 14.00 (0.13)
		Histogram:
		[        0:       11)  0 (  0.0%) |
		[       11:       21)  3 (  2.7%) |**
		[       21:       32)  6 (  5.3%) |***
		[       32:       42) 12 ( 10.6%) |******
		[       42:       53) 89 ( 78.8%) |************************************************
		[       53:       64)  3 (  2.7%) |**
		[       64:       74)  0 (  0.0%) |
		[       74:       85)  0 (  0.0%) |
		[       85:       95)  0 (  0.0%) |
		[       95:  1.1e+02)  0 (  0.0%) |
	Output Pin Usage:
		Max: 36.00 (0.92)
		Avg: 31.96 (0.82)
		Min: 4.00 (0.10)
		Histogram:
		[        0:      3.9)  0 (  0.0%) |
		[      3.9:      7.8)  4 (  3.5%) |**
		[      7.8:       12)  2 (  1.8%) |*
		[       12:       16)  0 (  0.0%) |
		[       16:       20) 15 ( 13.3%) |********
		[       20:       23)  0 (  0.0%) |
		[       23:       27)  0 (  0.0%) |
		[       27:       31)  0 (  0.0%) |
		[       31:       35)  0 (  0.0%) |
		[       35:       39) 92 ( 81.4%) |************************************************

